// Jest Snapshot v1, https://goo.gl/fbAQLP

exports[`listProducts component 1`] = `
<DocumentFragment>
  .emotion-0 {
  display: -webkit-box;
  display: -webkit-flex;
  display: -ms-flexbox;
  display: flex;
  -webkit-flex-wrap: wrap;
  -ms-flex-wrap: wrap;
  flex-wrap: wrap;
}

<section
    class="emotion-0"
  />
</DocumentFragment>
`;
