// Jest Snapshot v1, https://goo.gl/fbAQLP

exports[`Home component 1`] = `<DocumentFragment />`;
