// Jest Snapshot v1, https://goo.gl/fbAQLP

exports[`Restaurant component 1`] = `<DocumentFragment />`;
